---
source: src/block.rs
expression: "(block.size(), block.data, block.offsets)"
snapshot_kind: text
---
(
    113,
    b"\0\0\0\x04key1\0\0\0\0\0\0\0\0\x06\0\0\0\0\0\0\0\0\0\0\0\0\0\0\0\0\0\0\0\x06value1\0\x03\0\x012\0\0\0\0\0\0\0\0\x05\0\0\0\0\0\0\0\0\0\x03\0\x013\0\0\0\0\0\0\0\0\x06\0\0\0\0\0\0\0\0\0\0\0\0\0\0\0\0\0\0\0\x06value3",
    [
        0,
        43,
        65,
    ],
)
