---
source: src/row_codec.rs
expression: output
snapshot_kind: text
---
(
    "large sequence number",
    "\0\u{3}\0\u{3}seq��������\0\0\0\0\u{5}value",
    SstRowEntry {
        key_prefix_len: 3,
        key_suffix: b"seq",
        seq: 18446744073709551615,
        expire_ts: None,
        create_ts: None,
        value: Value(
            b"value",
        ),
    },
    b"bigseq",
)
