---
source: src/row_codec.rs
expression: output
snapshot_kind: text
---
(
    "unicode key suffix",
    "\0\u{3}\0\u{c}你好世界\0\0\0\0\0\0\0\u{1}\0\0\0\0\u{5}value",
    SstRowEntry {
        key_prefix_len: 3,
        key_suffix: b"\xe4\xbd\xa0\xe5\xa5\xbd\xe4\xb8\x96\xe7\x95\x8c",
        seq: 1,
        expire_ts: None,
        create_ts: None,
        value: Value(
            b"value",
        ),
    },
    b"uni\xe4\xbd\xa0\xe5\xa5\xbd\xe4\xb8\x96\xe7\x95\x8c",
)
