---
source: src/row_codec.rs
expression: "decoded.restore_full_key(&Bytes::from(tc.first_key))"
snapshot_kind: text
---
b"lokkkkkkkkkkkkkkkkkkkkkkkkkkkkkkkkkkkkkkkkkkkkkkkkkkkkkkkkkkkkkkkkkkkkkkkkkkkkkkkkkkkkkkkkkkkkkkkkkkkk"
