---
source: src/row_codec.rs
expression: decoded
snapshot_kind: text
---
SstRowEntry {
    key_prefix_len: 3,
    key_suffix: b"key",
    seq: 1,
    expire_ts: Some(
        10,
    ),
    create_ts: None,
    value: Value(
        b"value",
    ),
}
