---
source: src/row_codec.rs
expression: "decoded.restore_full_key(&Bytes::from(tc.first_key))"
snapshot_kind: text
---
b"uni\xe4\xbd\xa0\xe5\xa5\xbd\xe4\xb8\x96\xe7\x95\x8c"
