---
source: src/row_codec.rs
expression: encoded_data
snapshot_kind: text
---
[
    0,
    2,
    0,
    3,
    98,
    105,
    103,
    0,
    0,
    0,
    0,
    0,
    0,
    0,
    1,
    0,
    0,
    0,
    0,
    100,
    120,
    120,
    120,
    120,
    120,
    120,
    120,
    120,
    120,
    120,
    120,
    120,
    120,
    120,
    120,
    120,
    120,
    120,
    120,
    120,
    120,
    120,
    120,
    120,
    120,
    120,
    120,
    120,
    120,
    120,
    120,
    120,
    120,
    120,
    120,
    120,
    120,
    120,
    120,
    120,
    120,
    120,
    120,
    120,
    120,
    120,
    120,
    120,
    120,
    120,
    120,
    120,
    120,
    120,
    120,
    120,
    120,
    120,
    120,
    120,
    120,
    120,
    120,
    120,
    120,
    120,
    120,
    120,
    120,
    120,
    120,
    120,
    120,
    120,
    120,
    120,
    120,
    120,
    120,
    120,
    120,
    120,
    120,
    120,
    120,
    120,
    120,
    120,
    120,
    120,
    120,
    120,
    120,
    120,
    120,
    120,
    120,
    120,
    120,
    120,
]
